// Jest Snapshot v1, https://goo.gl/fbAQLP

exports[`Button render 1`] = `
.c0 {
  display: block;
  width: 100%;
  margin-bottom: 5px;
  padding: 10px;
  border-radius: 8px;
  background-color: #e5f4e7;
  cursor: pointer;
  font-size: 16px;
}

<div>
  <button
    class="c0"
  >
    click me
  </button>
</div>
`;
