// Jest Snapshot v1, https://goo.gl/fbAQLP

exports[`FlexContainer render 1`] = `
.c0 {
  display: -webkit-box;
  display: -webkit-flex;
  display: -ms-flexbox;
  display: flex;
  -webkit-flex: 1;
  -ms-flex: 1;
  flex: 1;
}

<div>
  <div
    class="c0"
  >
    click me
  </div>
</div>
`;
